Why 


must be str, not type
I completed the game this time2019-01-28 21:41:06.111530
I completed the game this date & time: 2019-01-29 09:59:17.674048
I completed the game this date & time: 2019-01-29 10:11:27.427390

I completed the game this date & time: 2019-01-29 10:14:20.799519

mainloop() takes 1 positional argument but 2 were given date & time: 2019-01-29 10:16:54.729489

I completed the game this date & time: 2019-01-29 10:17:46.735556

I completed the game this date & time: 2019-01-29 10:18:21.568485

I completed the game this date & time: 2019-01-29 22:48:01.472481

I completed the game this date & time: 2019-08-13 14:16:54.134931

I completed the game this date & time: 2019-08-13 14:29:32.012919

I completed the game this date & time: 2019-08-13 14:30:28.001454

I completed the game this date & time: 2019-08-13 14:32:45.912695

I completed the game this date & time: 2019-08-13 14:36:09.939619

I completed the game this date & time: 2019-08-13 14:38:14.184788

I completed the game this date & time: 2019-08-13 14:39:07.781613

I completed the game this date & time: 2019-08-13 14:45:00.855407

I completed the game this date & time: 2019-08-13 14:50:35.516746

I completed the game this date & time: 2019-08-13 14:54:49.444427

I completed the game this date & time: 2019-08-13 14:55:43.608086

I completed the game this date & time: 2019-08-13 15:01:12.536814

I completed the game this date & time: 2019-08-13 15:04:40.208582

I completed the game this date & time: 2019-08-13 15:06:36.724041

I completed the game this date & time: 2019-08-13 15:08:20.463006

I completed the game this date & time: 2019-08-13 15:12:29.120517

I completed the game this date & time: 2019-08-13 15:12:30.772550

I completed the game this date & time: 2019-08-13 15:14:08.347652

I completed the game this date & time: 2019-08-13 15:15:11.009529

I completed the game this date & time: 2019-08-13 15:34:54.600048

I completed the game this date & time: 2019-08-13 15:35:08.832236

I completed the game this date & time: 2019-08-14 08:35:38.799457

I completed the game this date & time: 2019-08-14 08:55:05.456975

I completed the game this date & time: 2019-08-14 09:29:39.975753

I completed the game this date & time: 2019-08-14 09:35:27.342658

I completed the game this date & time: 2019-08-14 09:43:17.107110

I completed the game this date & time: 2019-08-14 10:01:52.398504

I completed the game this date & time: 2019-08-14 10:09:49.820165

I completed the game this date & time: 2019-08-14 10:12:29.837189

I completed the game this date & time: 2019-08-14 10:14:54.620321

I completed the game this date & time: 2019-08-14 10:15:18.794454

I completed the game this date & time: 2019-08-14 11:19:37.181245

I completed the game this date & time: 2019-08-14 11:23:31.857489

I completed the game this date & time: 2019-08-14 11:24:01.979065

I completed the game this date & time: 2019-08-14 11:24:53.576507

I completed the game this date & time: 2019-08-14 11:27:17.334461

I completed the game this date & time: 2019-08-14 11:29:55.258079

I completed the game this date & time: 2019-08-14 11:31:52.627609

I completed the game this date & time: 2019-08-14 11:32:41.950455

I completed the game this date & time: 2019-08-14 11:35:42.480851

I completed the game this date & time: 2019-08-14 11:37:07.534246

I completed the game this date & time: 2019-08-14 11:38:14.472764

I completed the game this date & time: 2019-08-14 11:45:29.204313

I completed the game this date & time: 2019-08-14 11:47:45.609460

I completed the game this date & time: 2019-08-14 11:58:05.442033

I completed the game this date & time: 2019-08-14 12:38:33.172475

I completed the game this date & time: 2019-08-14 12:38:34.725003

I completed the game this date & time: 2019-08-14 12:40:06.210723

'GameTop' object has no attribute 'background_Image' date & time: 2019-08-14 12:49:39.387435

I completed the game this date & time: 2019-08-14 12:53:05.578029

I completed the game this date & time: 2019-08-14 12:54:23.722313

I completed the game this date & time: 2019-08-14 12:55:25.035830

I completed the game this date & time: 2019-08-14 12:58:54.146359

I completed the game this date & time: 2019-08-14 13:01:05.644904

I completed the game this date & time: 2019-08-14 13:05:13.126208

I completed the game this date & time: 2019-08-14 13:05:23.692381

I completed the game this date & time: 2019-08-14 13:05:32.352875

I completed the game this date & time: 2019-08-14 13:07:30.287624

I completed the game this date & time: 2019-08-14 13:08:43.997635

I completed the game this date & time: 2019-08-14 13:09:17.120826

I completed the game this date & time: 2019-08-14 13:11:06.127370

I completed the game this date & time: 2019-08-14 13:13:39.554295

I completed the game this date & time: 2019-08-14 13:14:16.769938

I completed the game this date & time: 2019-08-14 13:15:22.311506

I completed the game this date & time: 2019-08-14 13:28:34.260181

I completed the game this date & time: 2019-08-14 13:30:47.587751

I completed the game this date & time: 2019-08-14 13:31:00.390948

I completed the game this date & time: 2019-08-14 13:31:12.203448

I completed the game this date & time: 2019-08-14 13:33:52.474552

I completed the game this date & time: 2019-08-14 13:34:24.801314

I completed the game this date & time: 2019-08-14 13:34:27.843443

I completed the game this date & time: 2019-08-14 13:34:45.400123

I completed the game this date & time: 2019-08-14 13:59:53.938377

I completed the game this date & time: 2019-08-14 14:02:18.270985

I completed the game this date & time: 2019-08-14 14:14:38.991970

I completed the game this date & time: 2019-08-14 14:29:12.112525

I completed the game this date & time: 2019-08-14 15:06:13.086839

I completed the game this date & time: 2019-08-14 15:06:48.600949

I completed the game this date & time: 2019-08-14 15:21:16.384422

I completed the game this date & time: 2019-08-14 15:52:28.263101

I completed the game this date & time: 2019-08-15 09:34:58.276884

I completed the game this date & time: 2019-08-15 12:41:45.339587

I completed the game this date & time: 2019-08-15 12:51:55.488419

I completed the game this date & time: 2019-08-15 12:53:02.621589

I completed the game this date & time: 2019-08-15 14:02:12.522266

I completed the game this date & time: 2019-08-15 14:02:58.842654

I completed the game this date & time: 2019-08-15 14:03:25.855525

I completed the game this date & time: 2019-08-15 15:57:16.794541


I completed the game this date & time: 2019-08-16 08:52:10.413042

I completed the game this date & time: 2019-08-16 15:27:09.690209

I completed the game this date & time: 2019-08-16 15:44:43.037557

I completed the game this date & time: 2019-08-16 15:52:22.571686

I completed the game this date & time: 2019-08-29 12:13:55.083573

I completed the game this date & time: 2019-08-29 14:15:28.284193


